// Jest Snapshot v1, https://goo.gl/fbAQLP

exports[`CountryList  renders 1`] = `"<div data-server-rendered=\\"true\\" class=\\"countryList__Container\\"><div class=\\"collapse\\"><p>Click Me</p> <img src=\\"../../assets/arrow-64.png\\" class=\\"caret__Image\\"></div> <!----> <ul class=\\"countryList\\"></ul></div>"`;
